// Jest Snapshot v1, https://goo.gl/fbAQLP

exports[`createFooter should to be in the document 1`] = `null`;
